<<<<<<< HEAD
Java HotSpot(TM) 64-Bit Server VM (25.91-b14) for linux-amd64 JRE (1.8.0_91-b14), built on Apr  1 2016 00:57:21 by "java_re" with gcc 4.3.0 20080428 (Red Hat 4.3.0-8)
Memory: 4k page, physical 16324072k(2140040k free), swap 16666620k(16295732k free)
CommandLine flags: -XX:GCLogFileSize=104857600 -XX:+HeapDumpOnOutOfMemoryError -XX:HeapDumpPath=/home/przodownik/logs/dump.hprof -XX:InitialHeapSize=1073741824 -XX:MaxHeapSize=2147483648 -XX:MaxMetaspaceSize=536870912 -XX:NumberOfGCLogFiles=10 -XX:+PrintGC -XX:+PrintGCDetails -XX:+PrintGCTimeStamps -XX:+UseCompressedClassPointers -XX:+UseCompressedOops -XX:+UseGCLogFileRotation -XX:+UseParallelGC 
Heap
 PSYoungGen      total 305664K, used 141563K [0x00000000d5580000, 0x00000000eaa80000, 0x0000000100000000)
  eden space 262144K, 54% used [0x00000000d5580000,0x00000000ddfbec28,0x00000000e5580000)
  from space 43520K, 0% used [0x00000000e8000000,0x00000000e8000000,0x00000000eaa80000)
  to   space 43520K, 0% used [0x00000000e5580000,0x00000000e5580000,0x00000000e8000000)
 ParOldGen       total 699392K, used 0K [0x0000000080000000, 0x00000000aab00000, 0x00000000d5580000)
  object space 699392K, 0% used [0x0000000080000000,0x0000000080000000,0x00000000aab00000)
 Metaspace       used 12433K, capacity 12802K, committed 13056K, reserved 1060864K
  class space    used 1633K, capacity 1767K, committed 1792K, reserved 1048576K
=======
Java HotSpot(TM) Server VM (25.91-b14) for linux-x86 JRE (1.8.0_91-b14), built on Apr  1 2016 01:01:13 by "java_re" with gcc 4.3.0 20080428 (Red Hat 4.3.0-8)
Memory: 4k page, physical 16370316k(936776k free), swap 16711676k(16711012k free)
CommandLine flags: -XX:GCLogFileSize=104857600 -XX:+HeapDumpOnOutOfMemoryError -XX:HeapDumpPath=/home/przodownik/logs/dump.hprof -XX:InitialHeapSize=67108864 -XX:MaxHeapSize=2147483648 -XX:MaxMetaspaceSize=536870912 -XX:NumberOfGCLogFiles=10 -XX:+PrintGC -XX:+PrintGCDetails -XX:+PrintGCTimeStamps -XX:+UseGCLogFileRotation -XX:+UseParallelGC 
0,252: [GC (Allocation Failure) [PSYoungGen: 16640K->2559K(19200K)] 16640K->3469K(62976K), 0,0026826 secs] [Times: user=0,02 sys=0,00, real=0,00 secs] 
0,330: [GC (Allocation Failure) [PSYoungGen: 19199K->2553K(35840K)] 20109K->3786K(79616K), 0,0030567 secs] [Times: user=0,02 sys=0,00, real=0,00 secs] 
Heap
 PSYoungGen      total 35840K, used 17672K [0xbc580000, 0xbeb00000, 0xe7000000)
  eden space 33280K, 45% used [0xbc580000,0xbd4439a0,0xbe600000)
  from space 2560K, 99% used [0xbe880000,0xbeafe6e0,0xbeb00000)
  to   space 2560K, 0% used [0xbe600000,0xbe600000,0xbe880000)
 ParOldGen       total 43776K, used 1232K [0x67000000, 0x69ac0000, 0xbc580000)
  object space 43776K, 2% used [0x67000000,0x671341d0,0x69ac0000)
 Metaspace       used 7710K, capacity 7945K, committed 7960K, reserved 8496K
>>>>>>> f3f8824f81c8350219d80109012a5f17b51ef8de
